<html>
<body>
<pre>
<h1>µVision Build Log</h1>
<h2>Tool Versions:</h2>
IDE-Version: µVision V5.23.0.0
Copyright (C) 2017 ARM Ltd and ARM Germany GmbH. All rights reserved.
License Information: sl User, istu, LIC=7DAQD-8XZH3-EH28L-0NABI-XNR0X-LKAU4
 
Tool Versions:
Toolchain:       DK-ARM Developers Kit  Version: 5.23
Toolchain Path:  C:\Keil_v5\ARM\ARMCC\Bin
C Compiler:      Armcc.exe V5.06 update 4 (build 422)
Assembler:       Armasm.exe V5.06 update 4 (build 422)
Linker/Locator:  ArmLink.exe V5.06 update 4 (build 422)
Library Manager: ArmAr.exe V5.06 update 4 (build 422)
Hex Converter:   FromElf.exe V5.06 update 4 (build 422)
CPU DLL:         SARMCM3.DLL V5.23
Dialog DLL:      DCM.DLL V1.15.0.0
Target DLL:      STLink\ST-LINKIII-KEIL_SWO.dll V2.0.18.0
Dialog DLL:      TCM.DLL V1.27.0.0
 
<h2>Project:</h2>
C:\Users\User\Desktop\ПО ДИПЛОМУ\Шар телега\Шар-Телега STM32F3 — копия под светодиоды\primer.uvproj
Project File Date:  08/24/2017

<h2>Output:</h2>
*** Using Compiler 'V5.06 update 4 (build 422)', folder: 'C:\Keil_v5\ARM\ARMCC\Bin'
Build target 'Target 1'
compiling main.c...
main.c(1075): warning:  #177-D: variable "a"  was declared but never referenced
  	const uint16_t a[]={GPIO_Pin_8,GPIO_Pin_9,GPIO_Pin_10,GPIO_Pin_11,GPIO_Pin_12,GPIO_Pin_13,GPIO_Pin_14,GPIO_Pin_15};
main.c(1076): warning:  #177-D: variable "s"  was declared but never referenced
  	uint8_t s=0;
main.c: 2 warnings, 0 errors
linking...
Program Size: Code=12472 RO-data=440 RW-data=116 ZI-data=1644  
".\1\primer.axf" - 0 Error(s), 2 Warning(s).
Build Time Elapsed:  00:00:02
</pre>
</body>
</html>
