<html>
<body>
<pre>
<h1>µVision Build Log</h1>
<h2>Project:</h2>
D:\STM Projects\303\Пример\primer.uvproj
Project File Date:  01/15/2013

<h2>Output:</h2>
Build target 'Target 1'
compiling main.c...
compiling system_stm32f30x.c...
compiling stm32f30x_gpio.c...
compiling stm32f30x_misc.c...
compiling stm32f30x_rcc.c...
compiling stm32f30x_tim.c...
compiling stm32f30x_usart.c...
linking...
Program Size: Code=3736 RO-data=440 RW-data=68 ZI-data=1636  
".\1\primer.axf" - 0 Error(s), 0 Warning(s).
Load "D:\\STM Projects\\303\\Пример\\1\\primer.AXF" 
Build target 'Target 1'
linking...
Program Size: Code=3736 RO-data=440 RW-data=68 ZI-data=1636  
".\1\primer.axf" - 0 Error(s), 0 Warning(s).
Load "D:\\STM Projects\\303\\Пример\\1\\primer.AXF" 
Build target 'Target 1'
linking...
Program Size: Code=3736 RO-data=440 RW-data=68 ZI-data=1636  
".\1\primer.axf" - 0 Error(s), 0 Warning(s).
Rebuild target 'Target 1'
assembling startup_stm32f30x.s...
compiling main.c...
compiling system_stm32f30x.c...
compiling stm32f30x_gpio.c...
compiling stm32f30x_misc.c...
compiling stm32f30x_rcc.c...
compiling stm32f30x_tim.c...
compiling stm32f30x_usart.c...
linking...
Program Size: Code=3736 RO-data=440 RW-data=68 ZI-data=1636  
".\1\primer.axf" - 0 Error(s), 0 Warning(s).
Load "D:\\STM Projects\\303\\Пример\\1\\primer.AXF" 
Erase Done.
Programming Done.
Verify OK.
Build target 'Target 1'
compiling main.c...
linking...
Program Size: Code=3740 RO-data=440 RW-data=68 ZI-data=1636  
".\1\primer.axf" - 0 Error(s), 0 Warning(s).
Load "D:\\STM Projects\\303\\Пример\\1\\primer.AXF" 
Erase Done.
Programming Done.
Verify OK.
Build target 'Target 1'
compiling main.c...
linking...
Program Size: Code=3740 RO-data=440 RW-data=68 ZI-data=1636  
".\1\primer.axf" - 0 Error(s), 0 Warning(s).
Load "D:\\STM Projects\\303\\Пример\\1\\primer.AXF" 
Erase Done.
Programming Done.
Verify OK.
Build target 'Target 1'
compiling main.c...
linking...
Program Size: Code=3740 RO-data=440 RW-data=68 ZI-data=1636  
".\1\primer.axf" - 0 Error(s), 0 Warning(s).
Load "D:\\STM Projects\\303\\Пример\\1\\primer.AXF" 
Erase Done.
Programming Done.
Verify OK.
Build target 'Target 1'
compiling main.c...
linking...
Program Size: Code=3772 RO-data=440 RW-data=68 ZI-data=1636  
".\1\primer.axf" - 0 Error(s), 0 Warning(s).
Build target 'Target 1'
compiling main.c...
linking...
Program Size: Code=3712 RO-data=440 RW-data=68 ZI-data=1636  
".\1\primer.axf" - 0 Error(s), 0 Warning(s).
Load "D:\\STM Projects\\303\\Пример\\1\\primer.AXF" 
Erase Done.
Programming Done.
Verify OK.
Build target 'Target 1'
compiling main.c...
linking...
Program Size: Code=3712 RO-data=440 RW-data=68 ZI-data=1636  
".\1\primer.axf" - 0 Error(s), 0 Warning(s).
Load "D:\\STM Projects\\303\\Пример\\1\\primer.AXF" 
Erase Done.
Programming Done.
Verify OK.
Build target 'Target 1'
compiling main.c...
linking...
Program Size: Code=3740 RO-data=440 RW-data=68 ZI-data=1636  
".\1\primer.axf" - 0 Error(s), 0 Warning(s).
Load "D:\\STM Projects\\303\\Пример\\1\\primer.AXF" 
Erase Done.
Programming Done.
Verify OK.
Build target 'Target 1'
compiling main.c...
linking...
Program Size: Code=3740 RO-data=440 RW-data=68 ZI-data=1636  
".\1\primer.axf" - 0 Error(s), 0 Warning(s).
Load "D:\\STM Projects\\303\\Пример\\1\\primer.AXF" 
Erase Done.
Programming Done.
Verify OK.
Build target 'Target 1'
compiling main.c...
linking...
Program Size: Code=3740 RO-data=440 RW-data=68 ZI-data=1636  
".\1\primer.axf" - 0 Error(s), 0 Warning(s).
Load "D:\\STM Projects\\303\\Пример\\1\\primer.AXF" 
Erase Done.
Programming Done.
Verify OK.
Build target 'Target 1'
compiling main.c...
linking...
Program Size: Code=3740 RO-data=440 RW-data=68 ZI-data=1636  
".\1\primer.axf" - 0 Error(s), 0 Warning(s).
Load "D:\\STM Projects\\303\\Пример\\1\\primer.AXF" 
Erase Done.
Programming Done.
Verify OK.
Build target 'Target 1'
compiling main.c...
linking...
Program Size: Code=3740 RO-data=440 RW-data=68 ZI-data=1636  
".\1\primer.axf" - 0 Error(s), 0 Warning(s).
Load "D:\\STM Projects\\303\\Пример\\1\\primer.AXF" 
Erase Done.
Programming Done.
Verify OK.
